src/app/presentation/page.tsx(145,28): error TS2345: Argument of type '{ [key: string]: string | string[] | undefined; }' is not assignable to parameter of type 'Usable<unknown>'.
  Type '{ [key: string]: string | string[] | undefined; }' is missing the following properties from type 'Context<unknown>': Provider, Consumer, $$typeof
src/app/presentation/page.tsx(146,17): error TS18046: 'params' is of type 'unknown'.
src/app/presentation/page.tsx(147,16): error TS18046: 'params' is of type 'unknown'.
src/app/presentation/page.tsx(148,17): error TS18046: 'params' is of type 'unknown'.
src/app/presentation/page.tsx(149,17): error TS18046: 'params' is of type 'unknown'.
src/app/presentation/page.tsx(150,13): error TS18046: 'params' is of type 'unknown'.
src/hooks/use-bible-navigation.ts(26,34): error TS2345: Argument of type 'ReadonlyURLSearchParams' is not assignable to parameter of type 'Usable<unknown>'.
src/hooks/use-bible-navigation.ts(32,6): error TS18046: 'searchParams' is of type 'unknown'.
src/hooks/use-bible-navigation.ts(35,6): error TS18046: 'searchParams' is of type 'unknown'.
src/hooks/use-bible-navigation.ts(36,16): error TS18046: 'searchParams' is of type 'unknown'.
src/hooks/use-bible-navigation.ts(37,16): error TS18046: 'searchParams' is of type 'unknown'.
src/hooks/use-bible-navigation.ts(52,51): error TS18046: 'searchParams' is of type 'unknown'.
